Discrepancy Report Results

Summary
DISC_PROTEIN_NAMES:All proteins have same name "hypothetical protein"
FATAL: MISSING_PROTEIN_ID:9 proteins have invalid IDs.
DISC_SOURCE_QUALS_ASNDISC:strain (all present, all same)
DISC_SOURCE_QUALS_ASNDISC:taxname (all present, all same)
DISC_FEATURE_COUNT:CDS: 9 present
DISC_COUNT_NUCLEOTIDES:8 nucleotide Bioseqs are present
FEATURE_LOCATION_CONFLICT:9 features have inconsistent gene locations.
DISC_QUALITY_SCORES:Quality scores are missing on all sequences.
ONCALLER_COMMENT_PRESENT:8 comment descriptors were found (all same)
MISSING_GENOMEASSEMBLY_COMMENTS:8 bioseqs are missing GenomeAssembly structured comments
MOLTYPE_NOT_MRNA:8 molecule types are not set as mRNA.
TECHNIQUE_NOT_TSA:8 technique are not set as TSA
MISSING_STRUCTURED_COMMENT:8 sequences do not include structured comments.
MISSING_PROJECT:17 sequences do not include project.
DISC_INCONSISTENT_MOLINFO_TECH:Molinfo Technique Report (some missing, all same)


Detailed Report

DiscRep_ALL:DISC_PROTEIN_NAMES::All proteins have same name "hypothetical protein"

FATAL: DiscRep_ALL:MISSING_PROTEIN_ID::9 proteins have invalid IDs.
mH13BBrisbane_Mal04_FK49199_egg/PROKKA_07282025:PB1_1 (length 752)
mH13BBrisbane_Mal04_FK49199_egg/PROKKA_07282025:PB2_1 (length 770)
mH13BBrisbane_Mal04_FK49199_egg/PROKKA_07282025:PA_1 (length 706)
mH13BBrisbane_Mal04_FK49199_egg/PROKKA_07282025:HA_1 (length 582)
mH13BBrisbane_Mal04_FK49199_egg/PROKKA_07282025:NP_1 (length 557)
mH13BBrisbane_Mal04_FK49199_egg/PROKKA_07282025:NA_1 (length 466)
mH13BBrisbane_Mal04_FK49199_egg/PROKKA_07282025:M_1 (length 248)
mH13BBrisbane_Mal04_FK49199_egg/PROKKA_07282025:M_2 (length 89)
mH13BBrisbane_Mal04_FK49199_egg/PROKKA_07282025:NS_1 (length 277)

DiscRep_ALL:DISC_SOURCE_QUALS_ASNDISC::strain (all present, all same)
DiscRep_SUB:DISC_SOURCE_QUALS_ASNDISC::8 sources have 'strain' for strain
DiscRep_ALL:DISC_SOURCE_QUALS_ASNDISC::taxname (all present, all same)
DiscRep_SUB:DISC_SOURCE_QUALS_ASNDISC::8 sources have 'Genus species' for taxname
DiscRep_ALL:DISC_FEATURE_COUNT::CDS: 9 present
DiscRep_ALL:DISC_COUNT_NUCLEOTIDES::8 nucleotide Bioseqs are present
mH13BBrisbane_Mal04_FK49199_egg/PROKKA_07282025:PB1 (length 2369)
mH13BBrisbane_Mal04_FK49199_egg/PROKKA_07282025:PB2 (length 2396)
mH13BBrisbane_Mal04_FK49199_egg/PROKKA_07282025:PA (length 2306)
mH13BBrisbane_Mal04_FK49199_egg/PROKKA_07282025:HA (length 1875)
mH13BBrisbane_Mal04_FK49199_egg/PROKKA_07282025:NP (length 1844)
mH13BBrisbane_Mal04_FK49199_egg/PROKKA_07282025:NA (length 1564)
mH13BBrisbane_Mal04_FK49199_egg/PROKKA_07282025:M (length 1190)
mH13BBrisbane_Mal04_FK49199_egg/PROKKA_07282025:NS (length 1098)

DiscRep_ALL:FEATURE_LOCATION_CONFLICT::9 features have inconsistent gene locations.
DiscRep_SUB:FEATURE_LOCATION_CONFLICT::Coding region xref gene does not exist
mH13BBrisbane_Mal04_FK49199_egg/PROKKA_07282025:CDS	hypothetical protein	PB1:22-2280	EODFLPLH_00001

DiscRep_SUB:FEATURE_LOCATION_CONFLICT::Coding region xref gene does not exist
mH13BBrisbane_Mal04_FK49199_egg/PROKKA_07282025:CDS	hypothetical protein	PB2:24-2336	EODFLPLH_00002

DiscRep_SUB:FEATURE_LOCATION_CONFLICT::Coding region xref gene does not exist
mH13BBrisbane_Mal04_FK49199_egg/PROKKA_07282025:CDS	hypothetical protein	PA:90-2210	EODFLPLH_00003

DiscRep_SUB:FEATURE_LOCATION_CONFLICT::Coding region xref gene does not exist
mH13BBrisbane_Mal04_FK49199_egg/PROKKA_07282025:CDS	hypothetical protein	HA:34-1782	EODFLPLH_00004

DiscRep_SUB:FEATURE_LOCATION_CONFLICT::Coding region xref gene does not exist
mH13BBrisbane_Mal04_FK49199_egg/PROKKA_07282025:CDS	hypothetical protein	NP:70-1743	EODFLPLH_00005

DiscRep_SUB:FEATURE_LOCATION_CONFLICT::Coding region xref gene does not exist
mH13BBrisbane_Mal04_FK49199_egg/PROKKA_07282025:CDS	hypothetical protein	NA:61-1461	EODFLPLH_00006

DiscRep_SUB:FEATURE_LOCATION_CONFLICT::Coding region xref gene does not exist
mH13BBrisbane_Mal04_FK49199_egg/PROKKA_07282025:CDS	hypothetical protein	M:25-771	EODFLPLH_00007

DiscRep_SUB:FEATURE_LOCATION_CONFLICT::Coding region xref gene does not exist
mH13BBrisbane_Mal04_FK49199_egg/PROKKA_07282025:CDS	hypothetical protein	M:831-1100	EODFLPLH_00008

DiscRep_SUB:FEATURE_LOCATION_CONFLICT::Coding region xref gene does not exist
mH13BBrisbane_Mal04_FK49199_egg/PROKKA_07282025:CDS	hypothetical protein	NS:57-890	EODFLPLH_00009

DiscRep_ALL:DISC_QUALITY_SCORES::Quality scores are missing on all sequences.

DiscRep_ALL:ONCALLER_COMMENT_PRESENT::8 comment descriptors were found (all same)
mH13BBrisbane_Mal04_FK49199_egg/PROKKA_07282025:PB1:Annotated using prokka 1.14.6 from https://github.com/tseemann/prokka
mH13BBrisbane_Mal04_FK49199_egg/PROKKA_07282025:PB2:Annotated using prokka 1.14.6 from https://github.com/tseemann/prokka
mH13BBrisbane_Mal04_FK49199_egg/PROKKA_07282025:PA:Annotated using prokka 1.14.6 from https://github.com/tseemann/prokka
mH13BBrisbane_Mal04_FK49199_egg/PROKKA_07282025:HA:Annotated using prokka 1.14.6 from https://github.com/tseemann/prokka
mH13BBrisbane_Mal04_FK49199_egg/PROKKA_07282025:NP:Annotated using prokka 1.14.6 from https://github.com/tseemann/prokka
mH13BBrisbane_Mal04_FK49199_egg/PROKKA_07282025:NA:Annotated using prokka 1.14.6 from https://github.com/tseemann/prokka
mH13BBrisbane_Mal04_FK49199_egg/PROKKA_07282025:M:Annotated using prokka 1.14.6 from https://github.com/tseemann/prokka
mH13BBrisbane_Mal04_FK49199_egg/PROKKA_07282025:NS:Annotated using prokka 1.14.6 from https://github.com/tseemann/prokka

DiscRep_ALL:MISSING_GENOMEASSEMBLY_COMMENTS::8 bioseqs are missing GenomeAssembly structured comments
mH13BBrisbane_Mal04_FK49199_egg/PROKKA_07282025:PB1 (length 2369)
mH13BBrisbane_Mal04_FK49199_egg/PROKKA_07282025:PB2 (length 2396)
mH13BBrisbane_Mal04_FK49199_egg/PROKKA_07282025:PA (length 2306)
mH13BBrisbane_Mal04_FK49199_egg/PROKKA_07282025:HA (length 1875)
mH13BBrisbane_Mal04_FK49199_egg/PROKKA_07282025:NP (length 1844)
mH13BBrisbane_Mal04_FK49199_egg/PROKKA_07282025:NA (length 1564)
mH13BBrisbane_Mal04_FK49199_egg/PROKKA_07282025:M (length 1190)
mH13BBrisbane_Mal04_FK49199_egg/PROKKA_07282025:NS (length 1098)

DiscRep_ALL:MOLTYPE_NOT_MRNA::8 molecule types are not set as mRNA.
mH13BBrisbane_Mal04_FK49199_egg/PROKKA_07282025:PB1 (length 2369)
mH13BBrisbane_Mal04_FK49199_egg/PROKKA_07282025:PB2 (length 2396)
mH13BBrisbane_Mal04_FK49199_egg/PROKKA_07282025:PA (length 2306)
mH13BBrisbane_Mal04_FK49199_egg/PROKKA_07282025:HA (length 1875)
mH13BBrisbane_Mal04_FK49199_egg/PROKKA_07282025:NP (length 1844)
mH13BBrisbane_Mal04_FK49199_egg/PROKKA_07282025:NA (length 1564)
mH13BBrisbane_Mal04_FK49199_egg/PROKKA_07282025:M (length 1190)
mH13BBrisbane_Mal04_FK49199_egg/PROKKA_07282025:NS (length 1098)

DiscRep_ALL:TECHNIQUE_NOT_TSA::8 technique are not set as TSA
mH13BBrisbane_Mal04_FK49199_egg/PROKKA_07282025:PB1 (length 2369)
mH13BBrisbane_Mal04_FK49199_egg/PROKKA_07282025:PB2 (length 2396)
mH13BBrisbane_Mal04_FK49199_egg/PROKKA_07282025:PA (length 2306)
mH13BBrisbane_Mal04_FK49199_egg/PROKKA_07282025:HA (length 1875)
mH13BBrisbane_Mal04_FK49199_egg/PROKKA_07282025:NP (length 1844)
mH13BBrisbane_Mal04_FK49199_egg/PROKKA_07282025:NA (length 1564)
mH13BBrisbane_Mal04_FK49199_egg/PROKKA_07282025:M (length 1190)
mH13BBrisbane_Mal04_FK49199_egg/PROKKA_07282025:NS (length 1098)

DiscRep_ALL:MISSING_STRUCTURED_COMMENT::8 sequences do not include structured comments.
mH13BBrisbane_Mal04_FK49199_egg/PROKKA_07282025:PB1 (length 2369)
mH13BBrisbane_Mal04_FK49199_egg/PROKKA_07282025:PB2 (length 2396)
mH13BBrisbane_Mal04_FK49199_egg/PROKKA_07282025:PA (length 2306)
mH13BBrisbane_Mal04_FK49199_egg/PROKKA_07282025:HA (length 1875)
mH13BBrisbane_Mal04_FK49199_egg/PROKKA_07282025:NP (length 1844)
mH13BBrisbane_Mal04_FK49199_egg/PROKKA_07282025:NA (length 1564)
mH13BBrisbane_Mal04_FK49199_egg/PROKKA_07282025:M (length 1190)
mH13BBrisbane_Mal04_FK49199_egg/PROKKA_07282025:NS (length 1098)

DiscRep_ALL:MISSING_PROJECT::17 sequences do not include project.
mH13BBrisbane_Mal04_FK49199_egg/PROKKA_07282025:PB1 (length 2369)
mH13BBrisbane_Mal04_FK49199_egg/PROKKA_07282025:PB1_1 (length 752)
mH13BBrisbane_Mal04_FK49199_egg/PROKKA_07282025:PB2 (length 2396)
mH13BBrisbane_Mal04_FK49199_egg/PROKKA_07282025:PB2_1 (length 770)
mH13BBrisbane_Mal04_FK49199_egg/PROKKA_07282025:PA (length 2306)
mH13BBrisbane_Mal04_FK49199_egg/PROKKA_07282025:PA_1 (length 706)
mH13BBrisbane_Mal04_FK49199_egg/PROKKA_07282025:HA (length 1875)
mH13BBrisbane_Mal04_FK49199_egg/PROKKA_07282025:HA_1 (length 582)
mH13BBrisbane_Mal04_FK49199_egg/PROKKA_07282025:NP (length 1844)
mH13BBrisbane_Mal04_FK49199_egg/PROKKA_07282025:NP_1 (length 557)
mH13BBrisbane_Mal04_FK49199_egg/PROKKA_07282025:NA (length 1564)
mH13BBrisbane_Mal04_FK49199_egg/PROKKA_07282025:NA_1 (length 466)
mH13BBrisbane_Mal04_FK49199_egg/PROKKA_07282025:M (length 1190)
mH13BBrisbane_Mal04_FK49199_egg/PROKKA_07282025:M_1 (length 248)
mH13BBrisbane_Mal04_FK49199_egg/PROKKA_07282025:M_2 (length 89)
mH13BBrisbane_Mal04_FK49199_egg/PROKKA_07282025:NS (length 1098)
mH13BBrisbane_Mal04_FK49199_egg/PROKKA_07282025:NS_1 (length 277)

DiscRep_ALL:DISC_INCONSISTENT_MOLINFO_TECH::Molinfo Technique Report (some missing, all same)
DiscRep_SUB:DISC_INCONSISTENT_MOLINFO_TECH::technique (all missing)
DiscRep_SUB:DISC_INCONSISTENT_MOLINFO_TECH::8 Molinfos are missing field technique
mH13BBrisbane_Mal04_FK49199_egg/PROKKA_07282025:HA (length 1875)
mH13BBrisbane_Mal04_FK49199_egg/PROKKA_07282025:M (length 1190)
mH13BBrisbane_Mal04_FK49199_egg/PROKKA_07282025:NA (length 1564)
mH13BBrisbane_Mal04_FK49199_egg/PROKKA_07282025:NP (length 1844)
mH13BBrisbane_Mal04_FK49199_egg/PROKKA_07282025:NS (length 1098)
mH13BBrisbane_Mal04_FK49199_egg/PROKKA_07282025:PA (length 2306)
mH13BBrisbane_Mal04_FK49199_egg/PROKKA_07282025:PB1 (length 2369)
mH13BBrisbane_Mal04_FK49199_egg/PROKKA_07282025:PB2 (length 2396)

